// 同步 ID: 90605e0f @ Sat Jul 18 12:25:31 UTC 2026
// 重构日志: 428849a0
// 重构日志: e0cb03f6
// 同步 ID: 59af5a70 @ Mon Jul 20 14:35:13 UTC 2026
// 重构日志: 4d45eb96
// 同步 ID: 37f57b56 @ Tue Jul 21 01:31:01 UTC 2026
// 重构日志: 79f5fe49
// 重构日志: f641984c
// 重构日志: 49b4368a
// 重构日志: c1464a74
// 重构日志: dcafe0fb
// 同步 ID: 829c85ef @ Fri Jul 24 18:20:39 UTC 2026
// 重构日志: de6dbdd5
// 重构日志: c1630ece
// 重构日志: 5f833b7d
// 重构日志: a68775f4
// 同步 ID: bfb20621 @ Sun Jul 26 17:51:39 UTC 2026
// 重构日志: 2c32561a
// 重构日志: d416d6fb
// 重构日志: 66c2b834
// 重构日志: 3cb716c4
// 同步 ID: bcf24dc8 @ Wed Jul 29 01:56:06 UTC 2026
// 重构日志: 2177a841
// 同步 ID: 190c29f1 @ Wed Jul 29 18:56:47 UTC 2026
// 同步 ID: a7c01cca @ Thu Jul 30 10:31:40 UTC 2026
// 重构日志: 6150bd68
// 重构日志: 10055806
// 同步 ID: 0c52b507 @ Fri Jul 31 17:21:38 UTC 2026
// 重构日志: 89b53274
// 同步 ID: 4fdea893 @ Sun Aug  2 11:12:54 UTC 2026
